// Jest Snapshot v1, https://goo.gl/fbAQLP

exports[`NodeItem should render NodeItem component 1`] = `
<div
  className="node-item"
  key="5d9ed63b-1985-4d3a-98d4-8b0195ce1c53"
  onClick={[Function]}
>
  <div
    className="node-info sticky"
  >
    <span
      className="type"
    >
      comp_unit
    </span>
    <span
      className="name"
    >
      cartolaapi-02-145989229527
    </span>
  </div>
  <Connect(NodeEdges)
    edges={
      Object {
        "graph": "acl",
        "in": Array [
          Object {
            "_from": "network/napi_v4_36200",
            "_id": "access/aclapi_251406",
            "_to": "comp_unit/globomap_5d9ed63b-1985-4d3a-98d4-8b0195ce1c53",
            "dir": "in",
            "id": "251406",
            "name": "10.130.7.224/27-10.132.67.64/32",
            "properties": Object {
              "action": "permit",
              "destination": "10.132.67.64/32",
              "protocol": "tcp",
              "source": "10.130.7.224/27",
            },
            "properties_metadata": Object {
              "action": Object {
                "description": "Access action",
              },
              "destination": Object {
                "description": "Destination address",
              },
              "protocol": Object {
                "description": "Protocol of access",
              },
              "source": Object {
                "description": "Source address",
              },
            },
            "provider": "aclapi",
            "timestamp": 1512019453,
            "type": "access",
          },
        ],
        "out": Array [],
      }
    }
    position="left"
  />
  <div
    className="node-item-tools"
  >
    <button
      className="btn-with-tip show-node-info-btn"
      data-tippy-content="Show Properties"
      onClick={[Function]}
    >
      <i
        className="fa fa-info-circle"
      />
    </button>
    <button
      className="btn-with-tip close-node-btn"
      data-tippy-content="Remove this node"
      onClick={[Function]}
    >
      <i
        className="fa fa-times-circle"
      />
    </button>
  </div>
</div>
`;
