// Jest Snapshot v1, https://goo.gl/fbAQLP

exports[`NotFound should render NotFound component 1`] = `
<div
  className="not-found"
>
  <div
    className="not-found-title"
  >
    <h1>
      <span
        className="status"
      >
        404
      </span>
      <br />
      <strong
        className="message"
      >
        Not found!
      </strong>
    </h1>
    <p>
      <Link
        className="btn-back"
        replace={false}
        to="/"
      >
        « Go back
      </Link>
    </p>
  </div>
</div>
`;
