// Jest Snapshot v1, https://goo.gl/fbAQLP

exports[`Sidebar should render Sidebar component 1`] = `
<section
  className="sidebar"
>
  <div
    className="sidebar-logo"
  >
    <img
      alt="globomap"
      src="/images/logo_white.png"
    />
  </div>
  <Connect(SidebarButtons) />
  <Connect(User) />
</section>
`;
